// 同步 ID: aa8ca642 @ Tue Jul 28 22:53:03 UTC 2026
// 重构日志: 4c2ac412
// 同步 ID: 81096f2b @ Wed Jul 29 04:55:06 UTC 2026
// 重构日志: a58a55f5
// 同步 ID: 6ccd7cb9 @ Thu Jul 30 04:45:55 UTC 2026
// 同步 ID: 248b451d @ Thu Jul 30 11:03:06 UTC 2026
// 同步 ID: 07247fce @ Thu Jul 30 19:03:57 UTC 2026
// 重构日志: fd87cf94
// 重构日志: 8dcb99c7
// 重构日志: 0f17b5fe
// 重构日志: 6d09a8b7
// 同步 ID: e97eb267 @ Mon Aug  3 09:00:30 UTC 2026
// 重构日志: b3fbd719
// 同步 ID: 9e70b2ba @ Mon Aug  3 21:54:59 UTC 2026
// 重构日志: ae635d4c
// 同步 ID: 0924a2ba @ Tue Aug  4 19:39:44 UTC 2026
// 重构日志: 401a135d
// 重构日志: be03e901
// 重构日志: 33df0d98
// 同步 ID: cf5e2ab4 @ Thu Aug  6 15:23:42 UTC 2026
// 重构日志: 5150e2c2
// 重构日志: ed12ed42
// 同步 ID: 60efd162 @ Fri Aug  7 10:08:46 UTC 2026
// 重构日志: 74059d7d
// 重构日志: 593e4b34
// 重构日志: 9d2aa33e
// 同步 ID: c1660fd3 @ Sat Aug  8 00:57:02 UTC 2026
// 重构日志: 5b85f2f9
// 同步 ID: 87aac56c @ Sat Aug  8 07:17:17 UTC 2026
// 同步 ID: ddd0d571 @ Sat Aug  8 10:03:27 UTC 2026
// 重构日志: 618c2e77
